[2025-04-22 16:34:24,516] INFO - Data Ingestion started from GCP bucket
[2025-04-22 16:34:26,834] INFO - Loading data from artifacts/raw\test.csv
[2025-04-22 16:34:26,850] INFO - Data loaded successfully from artifacts/raw\test.csv
[2025-04-22 16:34:26,850] INFO - Loading data from artifacts/raw\train.csv
[2025-04-22 16:34:26,897] INFO - Data loaded successfully from artifacts/raw\train.csv
[2025-04-22 16:34:26,897] INFO - starting data processing
[2025-04-22 16:34:26,897] INFO - Renaming the columns
[2025-04-22 16:34:26,897] INFO - dropping unecessary columns
[2025-04-22 16:34:26,897] INFO - dropping duplicates
[2025-04-22 16:34:26,947] INFO - Applying label encoding
[2025-04-22 16:34:26,947] INFO - label mappings are :
[2025-04-22 16:34:26,947] INFO - Gender:{'Female': 0, 'Male': 1}
[2025-04-22 16:34:26,947] INFO - type_plan:{'Basic': 0, 'Premium': 1, 'Standard': 2}
[2025-04-22 16:34:26,947] INFO - market_segment_type:{'Aviation': 0, 'Complementary': 1, 'Corporate': 2, 'Offline': 3, 'Online': 4}
[2025-04-22 16:34:26,947] INFO - booking_status:{'Canceled': 0, 'Not_Canceled': 1}
[2025-04-22 16:34:26,947] INFO - Handling Skewness
[2025-04-22 16:34:26,961] INFO - starting data processing
[2025-04-22 16:34:26,961] INFO - Renaming the columns
[2025-04-22 16:34:26,961] INFO - dropping unecessary columns
[2025-04-22 16:34:26,961] INFO - dropping duplicates
[2025-04-22 16:34:26,977] INFO - Applying label encoding
[2025-04-22 16:34:26,993] INFO - label mappings are :
[2025-04-22 16:34:26,993] INFO - Gender:{'Female': 0, 'Male': 1}
[2025-04-22 16:34:26,993] INFO - type_plan:{'Basic': 0, 'Premium': 1, 'Standard': 2}
[2025-04-22 16:34:26,993] INFO - market_segment_type:{'Aviation': 0, 'Complementary': 1, 'Corporate': 2, 'Offline': 3, 'Online': 4}
[2025-04-22 16:34:26,993] INFO - booking_status:{'Canceled': 0, 'Not_Canceled': 1}
[2025-04-22 16:34:26,993] INFO - Handling Skewness
[2025-04-22 16:34:27,008] INFO - Handling imbalanced dataset
[2025-04-22 16:34:27,041] INFO - data balancing completed
[2025-04-22 16:34:27,041] INFO - Handling imbalanced dataset
[2025-04-22 16:34:27,167] INFO - data balancing completed
[2025-04-22 16:34:27,167] INFO - Starting our Feature selection step
[2025-04-22 16:34:33,380] INFO - Features selected : ['arrival_month' 'Total_spend' 'no_of_special_requests' 'arrival_date'
 'age' 'Usage_frequency' 'Support_calls' 'market_segment_type' 'type_plan'
 'arrival_year']
[2025-04-22 16:34:33,386] INFO - Feature slection completed sucesfully
[2025-04-22 16:34:33,410] INFO - Saving processed data
[2025-04-22 16:34:33,442] INFO - Saving processed data
[2025-04-22 16:34:33,517] INFO - Data pre-processing completed successfully
[2025-04-22 16:34:33,977] INFO - Starting Model Trainer Pipeline
[2025-04-22 16:34:33,977] INFO - starting mlflow experimentation
[2025-04-22 16:34:33,977] INFO - Logging the training and testing dataset with MLflow
[2025-04-22 16:34:34,024] INFO - Starting loading train-data for model_training
[2025-04-22 16:34:34,024] INFO - Loading data from artifacts/processed\processed_train.csv
[2025-04-22 16:34:34,040] INFO - Data loaded successfully from artifacts/processed\processed_train.csv
[2025-04-22 16:34:34,040] INFO - Starting loading test-data for model_training
[2025-04-22 16:34:34,040] INFO - Loading data from artifacts/processed\processed_test.csv
[2025-04-22 16:34:34,056] INFO - Data loaded successfully from artifacts/processed\processed_test.csv
[2025-04-22 16:34:34,056] INFO - Splitting data into x_train, y_train, x_test and y_test
[2025-04-22 16:34:34,056] INFO - Sucessfully Splited data into x_train, y_train, x_test and y_test
[2025-04-22 16:34:34,056] INFO - Initializing model
[2025-04-22 16:34:34,056] INFO - Initializing random search CV for hyper-parameter tuning
[2025-04-22 16:34:34,056] INFO - Starting hyper-parameter tuning model training
[2025-04-22 16:36:20,820] INFO - Saving best parameters
[2025-04-22 16:36:20,820] INFO - Saving best model
[2025-04-22 16:36:20,820] INFO - starting prediction on x_test
[2025-04-22 16:36:20,855] INFO - Collecting evaluation scores
[2025-04-22 16:36:20,874] INFO - Accuracy Score : 0.7694771647034512
[2025-04-22 16:36:20,874] INFO - Precision Score : 0.7749894559257697
[2025-04-22 16:36:20,874] INFO - Recall Score : 0.759454432734036
[2025-04-22 16:36:20,874] INFO - F1_Score : 0.7671433044567373
[2025-04-22 16:36:20,874] INFO - Initializing to save model
[2025-04-22 16:36:20,874] INFO - saving model
[2025-04-22 16:36:20,929] INFO - Model saved succesfully
[2025-04-22 16:36:20,929] INFO - Logging the model into mlflow
[2025-04-22 16:36:20,953] INFO - Logging the params & metrics into mlflow
[2025-04-22 16:36:20,995] INFO - Model Training pipeline completed
